// Jest Snapshot v1, https://goo.gl/fbAQLP

exports[`UsersStatus Component snapshot 1`] = `
<DocumentFragment>
  <div
    class="Toastify"
  />
  <div
    class="MuiFormControl-root MuiFormControl-fullWidth MuiTextField-root css-cmpglg-MuiFormControl-root-MuiTextField-root"
  >
    <div
      class="MuiInputBase-root MuiFilledInput-root MuiFilledInput-underline MuiFilledInput-adornedStart MuiFilledInput-adornedEnd MuiInputBase-colorPrimary MuiInputBase-fullWidth MuiInputBase-formControl MuiInputBase-adornedStart MuiInputBase-adornedEnd css-174bgbr-MuiInputBase-root-MuiFilledInput-root"
    >
      <div
        class="MuiInputAdornment-root MuiInputAdornment-positionStart MuiInputAdornment-filled MuiInputAdornment-sizeMedium css-1sbc8xx-MuiInputAdornment-root"
      >
        <span
          aria-hidden="true"
          class="notranslate"
        >
          â€‹
        </span>
        <svg
          aria-hidden="true"
          class="MuiSvgIcon-root MuiSvgIcon-fontSizeMedium css-1sdz7zf-MuiSvgIcon-root"
          data-testid="PersonSearchIcon"
          focusable="false"
          viewBox="0 0 24 24"
        >
          <circle
            cx="10"
            cy="8"
            r="4"
          />
          <path
            d="M10.35 14.01C7.62 13.91 2 15.27 2 18v2h9.54c-2.47-2.76-1.23-5.89-1.19-5.99m9.08 4.01c.36-.59.57-1.28.57-2.02 0-2.21-1.79-4-4-4s-4 1.79-4 4 1.79 4 4 4c.74 0 1.43-.22 2.02-.57L20.59 22 22 20.59zM16 18c-1.1 0-2-.9-2-2s.9-2 2-2 2 .9 2 2-.9 2-2 2"
          />
        </svg>
      </div>
      <input
        aria-invalid="false"
        class="MuiInputBase-input MuiFilledInput-input MuiInputBase-inputAdornedStart MuiInputBase-inputAdornedEnd css-9kca0t-MuiInputBase-input-MuiFilledInput-input"
        id=":r0:"
        placeholder="Search Users"
        type="text"
        value=""
      />
      <div
        class="MuiInputAdornment-root MuiInputAdornment-positionEnd MuiInputAdornment-filled MuiInputAdornment-sizeMedium css-138pd90-MuiInputAdornment-root"
        data-testid="UsersSearch__closeIcon"
      >
        <svg
          aria-hidden="true"
          class="MuiSvgIcon-root MuiSvgIcon-fontSizeMedium css-1umw9bq-MuiSvgIcon-root"
          data-testid="CloseSharpIcon"
          focusable="false"
          viewBox="0 0 24 24"
        >
          <path
            d="M19 6.41 17.59 5 12 10.59 6.41 5 5 6.41 10.59 12 5 17.59 6.41 19 12 13.41 17.59 19 19 17.59 13.41 12z"
          />
        </svg>
      </div>
    </div>
  </div>
</DocumentFragment>
`;
